// Jest Snapshot v1, https://goo.gl/fbAQLP

exports[`<ButtonSave /> matches the snapshot 1`] = `
<div
  className="campaigns-settings__save-button"
  onClick={[Function]}
>
  Save settings
</div>
`;
