// Jest Snapshot v1, https://goo.gl/fbAQLP

exports[`<TabTitle /> matches the snapshot hide 1`] = `
<h2
  className="campaigns-settings__tab-title text-center mb-0"
>
  <strong>
    test
  </strong>
</h2>
`;
